  ProyectoFinalFNAF.cpp
C:\Users\beren\Documents\GDLB\Computación Gráfica\Laboratorio\Practicas\Practica00\P0\P0\ProyectoFinalFNAF.cpp(241,24): warning C4244: 'inicializando': conversión de 'double' a 'GLfloat'; posible pérdida de datos
C:\Users\beren\Documents\GDLB\Computación Gráfica\Laboratorio\Practicas\Practica00\P0\P0\ProyectoFinalFNAF.cpp(281,21): warning C4244: '=': conversión de 'double' a 'T'; posible pérdida de datos
C:\Users\beren\Documents\GDLB\Computación Gráfica\Laboratorio\Practicas\Practica00\P0\P0\ProyectoFinalFNAF.cpp(281,21): warning C4244:         with
C:\Users\beren\Documents\GDLB\Computación Gráfica\Laboratorio\Practicas\Practica00\P0\P0\ProyectoFinalFNAF.cpp(281,21): warning C4244:         [
C:\Users\beren\Documents\GDLB\Computación Gráfica\Laboratorio\Practicas\Practica00\P0\P0\ProyectoFinalFNAF.cpp(281,21): warning C4244:             T=float
C:\Users\beren\Documents\GDLB\Computación Gráfica\Laboratorio\Practicas\Practica00\P0\P0\ProyectoFinalFNAF.cpp(281,21): warning C4244:         ]
C:\Users\beren\Documents\GDLB\Computación Gráfica\Laboratorio\Practicas\Practica00\P0\P0\ProyectoFinalFNAF.cpp(282,21): warning C4244: '=': conversión de 'double' a 'T'; posible pérdida de datos
C:\Users\beren\Documents\GDLB\Computación Gráfica\Laboratorio\Practicas\Practica00\P0\P0\ProyectoFinalFNAF.cpp(282,21): warning C4244:         with
C:\Users\beren\Documents\GDLB\Computación Gráfica\Laboratorio\Practicas\Practica00\P0\P0\ProyectoFinalFNAF.cpp(282,21): warning C4244:         [
C:\Users\beren\Documents\GDLB\Computación Gráfica\Laboratorio\Practicas\Practica00\P0\P0\ProyectoFinalFNAF.cpp(282,21): warning C4244:             T=float
C:\Users\beren\Documents\GDLB\Computación Gráfica\Laboratorio\Practicas\Practica00\P0\P0\ProyectoFinalFNAF.cpp(282,21): warning C4244:         ]
C:\Users\beren\Documents\GDLB\Computación Gráfica\Laboratorio\Practicas\Practica00\P0\P0\ProyectoFinalFNAF.cpp(283,21): warning C4244: '=': conversión de 'double' a 'T'; posible pérdida de datos
C:\Users\beren\Documents\GDLB\Computación Gráfica\Laboratorio\Practicas\Practica00\P0\P0\ProyectoFinalFNAF.cpp(283,21): warning C4244:         with
C:\Users\beren\Documents\GDLB\Computación Gráfica\Laboratorio\Practicas\Practica00\P0\P0\ProyectoFinalFNAF.cpp(283,21): warning C4244:         [
C:\Users\beren\Documents\GDLB\Computación Gráfica\Laboratorio\Practicas\Practica00\P0\P0\ProyectoFinalFNAF.cpp(283,21): warning C4244:             T=float
C:\Users\beren\Documents\GDLB\Computación Gráfica\Laboratorio\Practicas\Practica00\P0\P0\ProyectoFinalFNAF.cpp(283,21): warning C4244:         ]
C:\Users\beren\Documents\GDLB\Computación Gráfica\Laboratorio\Practicas\Practica00\P0\P0\ProyectoFinalFNAF.cpp(634,11): warning C4244: '=': conversión de 'double' a 'GLfloat'; posible pérdida de datos
C:\Users\beren\Documents\GDLB\Computación Gráfica\Laboratorio\Practicas\Practica00\P0\P0\ProyectoFinalFNAF.cpp(635,11): warning C4244: '=': conversión de 'double' a 'GLfloat'; posible pérdida de datos
C:\Users\beren\Documents\GDLB\Computación Gráfica\Laboratorio\Practicas\Practica00\P0\P0\ProyectoFinalFNAF.cpp(639,18): warning C4244: 'inicializando': conversión de 'double' a 'GLfloat'; posible pérdida de datos
C:\Users\beren\Documents\GDLB\Computación Gráfica\Laboratorio\Practicas\Practica00\P0\P0\ProyectoFinalFNAF.cpp(640,18): warning C4244: 'inicializando': conversión de 'double' a 'GLfloat'; posible pérdida de datos
C:\Users\beren\Documents\GDLB\Computación Gráfica\Laboratorio\Practicas\Practica00\P0\P0\ProyectoFinalFNAF.cpp(642,10): warning C4244: '=': conversión de 'double' a 'GLfloat'; posible pérdida de datos
C:\Users\beren\Documents\GDLB\Computación Gráfica\Laboratorio\Practicas\Practica00\P0\P0\ProyectoFinalFNAF.cpp(643,10): warning C4244: '=': conversión de 'double' a 'GLfloat'; posible pérdida de datos
  LINK : no se encontró C:\Users\beren\Documents\GDLB\Computación Gráfica\Laboratorio\Practicas\Practica00\P0\Debug\P0.exe o no lo generó el último vínculo incremental; ejecutando vínculo completo
LINK : warning LNK4098: la biblioteca predeterminada'MSVCRT' entra en conflicto con otras bibliotecas; use la biblioteca /NODEFAULTLIB:biblioteca
soil2-debug.lib(etc1_utils.obj) : warning LNK4099: no se encontró PDB 'soil2-debug.pdb' con 'soil2-debug.lib(etc1_utils.obj)' o en 'C:\Users\beren\Documents\GDLB\Computación Gráfica\Laboratorio\Practicas\Practica00\P0\Debug\soil2-debug.pdb'; se vinculará el objeto sin tener en cuenta información de depuración
soil2-debug.lib(image_DXT.obj) : warning LNK4099: no se encontró PDB 'soil2-debug.pdb' con 'soil2-debug.lib(image_DXT.obj)' o en 'C:\Users\beren\Documents\GDLB\Computación Gráfica\Laboratorio\Practicas\Practica00\P0\Debug\soil2-debug.pdb'; se vinculará el objeto sin tener en cuenta información de depuración
soil2-debug.lib(image_helper.obj) : warning LNK4099: no se encontró PDB 'soil2-debug.pdb' con 'soil2-debug.lib(image_helper.obj)' o en 'C:\Users\beren\Documents\GDLB\Computación Gráfica\Laboratorio\Practicas\Practica00\P0\Debug\soil2-debug.pdb'; se vinculará el objeto sin tener en cuenta información de depuración
soil2-debug.lib(SOIL2.obj) : warning LNK4099: no se encontró PDB 'soil2-debug.pdb' con 'soil2-debug.lib(SOIL2.obj)' o en 'C:\Users\beren\Documents\GDLB\Computación Gráfica\Laboratorio\Practicas\Practica00\P0\Debug\soil2-debug.pdb'; se vinculará el objeto sin tener en cuenta información de depuración
  P0.vcxproj -> C:\Users\beren\Documents\GDLB\Computación Gráfica\Laboratorio\Practicas\Practica00\P0\Debug\P0.exe
